// Jest Snapshot v1, https://goo.gl/fbAQLP

exports[`Display have not changed the UI 1`] = `
<div
  className="Display"
/>
`;
