// Jest Snapshot v1, https://goo.gl/fbAQLP

exports[`App have not changed the UI 1`] = `
<div
  className="App"
>
  <Calculator />
</div>
`;
